# 取证账号 smoke_runner(id=8) · 广场公开帖 total=208 · 话题 10 条 · 有帖话题 #1(失眠夜) · 取样帖 #308 · 屿友 #214
# 浏览器 150.0.7871.115 · 可执行文件 C:/Users/Drbrain/AppData/Local/Google/Chrome/Application/chrome.exe
# —— 01-U2登录页-未登录.png /login
  -> 01-U2登录页-未登录.png  [PASS] 文字 136 字 / 漏白 0 / 红字 0
# —— 02-路由守卫-未登录进广场被弹回登录.png /feed
  -> 02-路由守卫-未登录进广场被弹回登录.png  [PASS] 文字 136 字 / 漏白 0 / 红字 0
# —— 03-U3广场-推荐流.png /feed
  ok 03-U3广场-推荐流.png .feed .row = 23
  -> 03-U3广场-推荐流.png  [PASS] 文字 3301 字 / 漏白 0 / 红字 0
# —— 03b-U3广场-整页.png /feed
  -> 03b-U3广场-整页.png  [PASS] 文字 3301 字 / 漏白 0 / 红字 0
# —— 04-U3-b关注流.png /feed
  -> 04-U3-b关注流.png  [PASS] 文字 1534 字 / 漏白 0 / 红字 0
# —— 05-U6话题详情.png /topic/1
  ok 05-U6话题详情.png .flow .mi-card.post = 20
  -> 05-U6话题详情.png  [PASS] 文字 2104 字 / 漏白 0 / 红字 0
# —— 06-U4帖子详情-评论区.png /post/308
  ok 06-U4帖子详情-评论区.png .comments .row = 20
  -> 06-U4帖子详情-评论区.png  [PASS] 文字 1102 字 / 漏白 0 / 红字 0
# —— 07-U4详情-举报弹层.png /post/308
  ok 07-U4详情-举报弹层.png 布局判据通过
  -> 07-U4详情-举报弹层.png  [PASS] 文字 1342 字 / 漏白 0 / 红字 0
# —— 08-U5发布器.png /publish
  -> 08-U5发布器.png  [PASS] 文字 554 字 / 漏白 0 / 红字 0
# —— 09-U5发布器-话题预选.png /publish?topic=1
  -> 09-U5发布器-话题预选.png  [PASS] 文字 574 字 / 漏白 0 / 红字 0
# —— 10-搜索-帖子.png /search?q=%E7%84%A6%E8%99%91
  -> 10-搜索-帖子.png  [PASS] 文字 524 字 / 漏白 0 / 红字 0
# —— 11-搜索-话题.png /search?m=topic&q=%E7%84%A6%E8%99%91
  -> 11-搜索-话题.png  [PASS] 文字 610 字 / 漏白 0 / 红字 0
# —— 12-搜索-屿友.png /search?m=user&q=%E5%86%92%E7%83%9F
  -> 12-搜索-屿友.png  [PASS] 文字 985 字 / 漏白 0 / 红字 0
# —— 13-搜索-空态.png /search?q=zzz%E8%BF%99%E6%9D%A1%E4%B8%80%E5%AE%9A%E6%90%9C%E4%B8%8D%E5%88%B0zzz
  -> 13-搜索-空态.png  [PASS] 文字 524 字 / 漏白 0 / 红字 0
# —— 14-U12我的帖子.png /me/posts
  -> 14-U12我的帖子.png  [PASS] 文字 478 字 / 漏白 0 / 红字 0
# —— 15-U11屿友主页.png /user/214
  -> 15-U11屿友主页.png  [PASS] 文字 838 字 / 漏白 0 / 红字 0
# —— 16-顶栏通知铃铛.png /feed
  -> 16-顶栏通知铃铛.png  [PASS] 文字 3301 字 / 漏白 0 / 红字 0
# —— 17-危机求助页.png /help
  -> 17-危机求助页.png  [PASS] 文字 207 字 / 漏白 0 / 红字 0
# —— 18-404页.png /no-such-page-xyz
  -> 18-404页.png  [PASS] 文字 22 字 / 漏白 0 / 红字 0
# —— 19-移动端-广场.png /feed
  -> 19-移动端-广场.png  [PASS] 文字 3301 字 / 漏白 0 / 红字 0
# —— 20-移动端-话题详情.png /topic/1
  -> 20-移动端-话题详情.png  [PASS] 文字 2104 字 / 漏白 0 / 红字 0

---- 汇总：21 张截图，通过 21 张；主背景/弹层漏白 0 处；控制台红字 0 条；断言失败 0 条 ----
