# 取证账号 SUPER=gate6_super(id=486) / ADMIN=gate6_admin(id=487) · /api/admin/me 回读通过
# 解匿链路目标：用户 #508（闸门六作者636142）别名 #185（匿名屿民·一苇）· DENIED 基线 total=14 最新 id=246
# 现查数据量：用户 503 · PENDING 审核 177 行 10 · 帖子 785 行 10 · 工单首条 #22
# —— 01-A1登录页.png /login
  ok 01-A1登录页.png DOM 判据通过
  -> 01-A1登录页.png  [PASS] 文字 225 / 漏白 0 / 失败横幅 0 / 红字 0
# —— 02-F5刷新后身份仍有效.png /dashboard
  ok 02-F5刷新后身份仍有效.png DOM 判据通过
  -> 02-F5刷新后身份仍有效.png  [PASS] 文字 2147 / 漏白 0 / 失败横幅 0 / 红字 0
# —— 03-A1运营工作台.png /dashboard
  .. 限流自适应：本窗口剩余配额 16，拍 03-A1运营工作台.png 预计需要 14 次请求，等窗口翻转 3s（不改限流配置、不放宽判据）
  ok 03-A1运营工作台.png DOM 判据通过
  -> 03-A1运营工作台.png  [PASS] 文字 2147 / 漏白 0 / 失败横幅 0 / 红字 0
# —— 04-A3危机工单列表.png /tickets
  ok 04-A3危机工单列表.png DOM 判据通过
  -> 04-A3危机工单列表.png  [PASS] 文字 2600 / 漏白 0 / 失败横幅 0 / 红字 0
# —— 05-A3工单处置抽屉.png /tickets?ticketId=22
  ok 05-A3工单处置抽屉.png DOM 判据通过
  -> 05-A3工单处置抽屉.png  [PASS] 文字 3018 / 漏白 0 / 失败横幅 0 / 红字 0
# —— 06-A4审核队列.png /audit
  ok 06-A4审核队列.png DOM 判据通过
  -> 06-A4审核队列.png  [PASS] 文字 1779 / 漏白 0 / 失败横幅 0 / 红字 0
# —— 07-A5内容管理-帖子.png /content
  .. 限流自适应：本窗口剩余配额 25，拍 07-A5内容管理-帖子.png 预计需要 14 次请求，等窗口翻转 52s（不改限流配置、不放宽判据）
  ok 07-A5内容管理-帖子.png DOM 判据通过
  -> 07-A5内容管理-帖子.png  [PASS] 文字 2356 / 漏白 0 / 失败横幅 0 / 红字 0
# —— 08-A5内容管理-举报.png /content?tab=reports
  ok 08-A5内容管理-举报.png DOM 判据通过
  -> 08-A5内容管理-举报.png  [PASS] 文字 1715 / 漏白 0 / 失败横幅 0 / 红字 0
# —— 09-A6用户管理.png /users
  ok 09-A6用户管理.png DOM 判据通过
  -> 09-A6用户管理.png  [PASS] 文字 2107 / 漏白 0 / 失败横幅 0 / 红字 0
# —— 10-A6档案深链-SUPER可解匿.png /users?userId=508
  ok 10-A6档案深链-SUPER可解匿.png DOM 判据通过
  -> 10-A6档案深链-SUPER可解匿.png  [PASS] 文字 2560 / 漏白 0 / 失败横幅 0 / 红字 0
# —— 11-A7参数配置-词库.png /configs
  ok 11-A7参数配置-词库.png DOM 判据通过
  -> 11-A7参数配置-词库.png  [PASS] 文字 1910 / 漏白 0 / 失败横幅 0 / 红字 0
# —— 12-A7词库试审命中.png /configs
  .. 限流自适应：本窗口剩余配额 23，拍 12-A7词库试审命中.png 预计需要 14 次请求，等窗口翻转 49s（不改限流配置、不放宽判据）
  ok 12-A7词库试审命中.png DOM 判据通过
  -> 12-A7词库试审命中.png  [PASS] 文字 885 / 漏白 0 / 失败横幅 0 / 红字 0
# —— 13-A9操作日志.png /logs
  ok 13-A9操作日志.png DOM 判据通过
  -> 13-A9操作日志.png  [PASS] 文字 4724 / 漏白 0 / 失败横幅 0 / 红字 0
# —— 14-A2运行大屏.png /screen
  ok 视口 1600x1000 定版画布 1600x900 完整落在视口内（scale 后无裁切）
  ok 视口 1920x1080 定版画布 1920x1080 完整落在视口内（scale 后无裁切）
  ok 14-A2运行大屏.png DOM 判据通过
  -> 14-A2运行大屏.png  [PASS] 文字 1260 / 漏白 0 / 失败横幅 0 / 红字 0
# —— 18-A1推荐链路健康度.png /dashboard
  ok rec-ops 读数 cacheRows=4,600 · 按钮 2 个 · 读数 8 项
  ok 18-A1推荐链路健康度.png DOM 判据通过
  -> 18-A1推荐链路健康度.png  [PASS] 文字 2147 / 漏白 0 / 失败横幅 0 / 红字 0
  .. 限流自适应：本窗口剩余配额 21，拍 A6→A9 链路三张 预计需要 28 次请求，等窗口翻转 46s（不改限流配置、不放宽判据）
# —— 15-A6ADMIN对照-无解匿按钮.png /users?userId=508（ADMIN 身份）
  ok 15-A6ADMIN对照-无解匿按钮.png DOM 判据通过
  -> 15-A6ADMIN对照-无解匿按钮.png  [PASS] 文字 2631 / 漏白 0 / 失败横幅 0 / 红字 0
# —— 16-A6越权被拒当场提示.png（点「接口自检」）
  ok 预期内 HTTP 403 /api/admin/users/reveal-anonymous
  ok 16-A6越权被拒当场提示.png DOM 判据通过
  -> 16-A6越权被拒当场提示.png  [PASS] 文字 2881 / 漏白 0 / 失败横幅 0 / 红字 0
# —— 17-A9深链筛中这条DENIED.png
  ok 17-A9深链筛中这条DENIED.png DOM 判据通过
  -> 17-A9深链筛中这条DENIED.png  [PASS] 文字 4445 / 漏白 0 / 失败横幅 0 / 红字 0

# DENIED 计数：跑前 14 → 跑后 15（期望 +1）· 最新一行 id=273 操作人=487 角色=ADMIN
  ok 链路数字判据通过：越权尝试 100% 留痕（FR8.4），且可被 result=DENIED 筛出

---- 汇总：18 张截图，通过 18 张；主背景/弹层漏白 0 处；控制台红字 0 条；断言失败 0 条 ----
